<html>
<body>
<pre>
<h1>µVision Build Log</h1>
<h2>Tool Versions:</h2>
IDE-Version: •ÏVision V5.27.1.0
Copyright (C) 2019 ARM Ltd and ARM Germany GmbH. All rights reserved.
License Information: Han Takwon Silla Flex license: MDK-ARM Plus: 60 user(s) (mdk_plus) Support: Aug 2019
 
Tool Versions:
Toolchain:       MDK-ARM Plus: 60 user(s)  Version: 5.27.1.0
Toolchain Path:  C:\Keil_v5\ARM\ARMCC\Bin
C Compiler:      Armcc.exe V5.06 update 6 (build 750)
Assembler:       Armasm.exe V5.06 update 6 (build 750)
Linker/Locator:  ArmLink.exe V5.06 update 6 (build 750)
Library Manager: ArmAr.exe V5.06 update 6 (build 750)
Hex Converter:   FromElf.exe V5.06 update 6 (build 750)
CPU DLL:         
Dialog DLL:      DCM.DLL V1.17.2.0
Target DLL:      STLink\ST-LINKIII-KEIL_SWO.dll V3.0.6.0
Dialog DLL:      TCM.DLL V1.36.1.0
 
<h2>Project:</h2>
E:\Program Files\Embedded-workspace\lab30-thingspeak-iot\lab30-thingspeak-iot.uvprojx
Project File Date:  06/03/2024

<h2>Output:</h2>
*** Using Compiler 'V5.06 update 6 (build 750)', folder: 'C:\Keil_v5\ARM\ARMCC\Bin'
Rebuild target 'STM32F401 Flash'
compiling DHT.cpp...
DHT\DHT.cpp(149): warning:  #1035-D: single-precision operand implicitly converted to double-precision
              f = float(v)/10.0;
DHT\DHT.cpp(195): warning:  #1035-D: single-precision operand implicitly converted to double-precision
              f = (float)v/10.0;
DHT\DHT.cpp: 2 warnings, 0 errors
compiling ESP8266.cpp...
ESP8266.h(48): warning:  #1-D: last line of file ends without a newline
  #endif
ESP8266.cpp(214): warning:  #1-D: last line of file ends without a newline
  }
ESP8266.cpp: 2 warnings, 0 errors
compiling main.cpp...
ESP8266.h(48): warning:  #1-D: last line of file ends without a newline
  #endif
main.cpp(38): warning:  #1035-D: single-precision operand implicitly converted to double-precision
  	brightness /= 10.0;
main.cpp(142): warning:  #1-D: last line of file ends without a newline
  }
main.cpp: 3 warnings, 0 errors
linking...
Program Size: Code=35584 RO-data=3152 RW-data=336 ZI-data=3248  
After Build - User command #1: fromelf --bin -o Nucleo_out.bin .\BUILD\Nucleo_out.axf
".\BUILD\Nucleo_out.axf" - 0 Error(s), 7 Warning(s).

<h2>Software Packages used:</h2>

Package Vendor: Keil
                https://www.keil.com/pack/Keil.STM32F4xx_DFP.2.17.0.pack
                Keil.STM32F4xx_DFP.2.17.0
                STMicroelectronics STM32F4 Series Device Support, Drivers and Examples

<h2>Collection of Component include folders:</h2>
  .\RTE\_STM32F401_Flash
  C:\Users\hanto\AppData\Local\Arm\Packs\Keil\STM32F4xx_DFP\2.17.0\Drivers\CMSIS\Device\ST\STM32F4xx\Include

<h2>Collection of Component Files used:</h2>
Build Time Elapsed:  00:00:09
</pre>
</body>
</html>
