<html>
<body>
<pre>
<h1>µVision Build Log</h1>
<h2>Tool Versions:</h2>
IDE-Version: •ÏVision V5.27.1.0
Copyright (C) 2019 ARM Ltd and ARM Germany GmbH. All rights reserved.
License Information: Han Takwon Silla Flex license: MDK-ARM Plus: 60 user(s) (mdk_plus) Support: Aug 2019
 
Tool Versions:
Toolchain:       MDK-ARM Plus: 60 user(s)  Version: 5.27.1.0
Toolchain Path:  C:\Keil_v5\ARM\ARMCC\Bin
C Compiler:      Armcc.exe V5.06 update 6 (build 750)
Assembler:       Armasm.exe V5.06 update 6 (build 750)
Linker/Locator:  ArmLink.exe V5.06 update 6 (build 750)
Library Manager: ArmAr.exe V5.06 update 6 (build 750)
Hex Converter:   FromElf.exe V5.06 update 6 (build 750)
CPU DLL:         
Dialog DLL:      DCM.DLL V1.17.2.0
Target DLL:      STLink\ST-LINKIII-KEIL_SWO.dll V3.0.6.0
Dialog DLL:      TCM.DLL V1.36.1.0
 
<h2>Project:</h2>
E:\Program Files\Embedded-workspace\lab12-rgb-led-test\lab12-rgb-led-test.uvprojx
Project File Date:  04/02/2024

<h2>Output:</h2>
*** Using Compiler 'V5.06 update 6 (build 750)', folder: 'C:\Keil_v5\ARM\ARMCC\Bin'
Rebuild target 'STM32F401 Flash'
compiling main.cpp...
main.cpp(19): warning:  #1035-D: single-precision operand implicitly converted to double-precision
  			for (float f=0.0; f<=1.0; f+=0.01) {
main.cpp(19): warning:  #1035-D: single-precision operand implicitly converted to double-precision
  			for (float f=0.0; f<=1.0; f+=0.01) {
main.cpp(22): warning:  #1035-D: single-precision operand implicitly converted to double-precision
  				rgbRed = 1.0 - ((f < 1.0) ? f : ((f < 2.0) ? 1.0 : 3.0 - f));
main.cpp(22): warning:  #1035-D: single-precision operand implicitly converted to double-precision
  				rgbRed = 1.0 - ((f < 1.0) ? f : ((f < 2.0) ? 1.0 : 3.0 - f));
main.cpp(22): warning:  #1035-D: single-precision operand implicitly converted to double-precision
  				rgbRed = 1.0 - ((f < 1.0) ? f : ((f < 2.0) ? 1.0 : 3.0 - f));
main.cpp(23): warning:  #1035-D: single-precision operand implicitly converted to double-precision
  				rgbGreen = (f < 1.0) ? f : ((f < 2.0) ? 1.0 : f - 2.0);
main.cpp(23): warning:  #1035-D: single-precision operand implicitly converted to double-precision
  				rgbGreen = (f < 1.0) ? f : ((f < 2.0) ? 1.0 : f - 2.0);
main.cpp(23): warning:  #1035-D: single-precision operand implicitly converted to double-precision
  				rgbGreen = (f < 1.0) ? f : ((f < 2.0) ? 1.0 : f - 2.0);
main.cpp(24): warning:  #1035-D: single-precision operand implicitly converted to double-precision
  				rgbBlue = (f < 1.0) ? 0 : ((f < 2.0) ? f - 1.0 : f - 2.0);
main.cpp(24): warning:  #1035-D: single-precision operand implicitly converted to double-precision
  				rgbBlue = (f < 1.0) ? 0 : ((f < 2.0) ? f - 1.0 : f - 2.0);
main.cpp(24): warning:  #1035-D: single-precision operand implicitly converted to double-precision
  				rgbBlue = (f < 1.0) ? 0 : ((f < 2.0) ? f - 1.0 : f - 2.0);
main.cpp(24): warning:  #1035-D: single-precision operand implicitly converted to double-precision
  				rgbBlue = (f < 1.0) ? 0 : ((f < 2.0) ? f - 1.0 : f - 2.0);
main.cpp: 12 warnings, 0 errors
linking...
Program Size: Code=24656 RO-data=2856 RW-data=184 ZI-data=1224  
After Build - User command #1: fromelf --bin -o Nucleo_out.bin .\BUILD\Nucleo_out.axf
".\BUILD\Nucleo_out.axf" - 0 Error(s), 12 Warning(s).

<h2>Software Packages used:</h2>

Package Vendor: Keil
                https://www.keil.com/pack/Keil.STM32F4xx_DFP.2.17.0.pack
                Keil.STM32F4xx_DFP.2.17.0
                STMicroelectronics STM32F4 Series Device Support, Drivers and Examples

<h2>Collection of Component include folders:</h2>
  .\RTE\_STM32F401_Flash
  C:\Users\hanto\AppData\Local\Arm\Packs\Keil\STM32F4xx_DFP\2.17.0\Drivers\CMSIS\Device\ST\STM32F4xx\Include

<h2>Collection of Component Files used:</h2>
Build Time Elapsed:  00:00:06
</pre>
</body>
</html>
