<html>
<body>
<pre>
<h1>µVision Build Log</h1>
<h2>Tool Versions:</h2>
IDE-Version: •ÏVision V5.27.1.0
Copyright (C) 2019 ARM Ltd and ARM Germany GmbH. All rights reserved.
License Information: Han Takwon Silla Flex license: error obtaining information 
Tool Versions:
Toolchain:       MDK-Lite  Version: 5.27.1.0
Toolchain Path:  C:\Keil_v5\ARM\ARMCC\Bin
C Compiler:      Armcc.exe V5.06 update 6 (build 750)
Assembler:       Armasm.exe V5.06 update 6 (build 750)
Linker/Locator:  ArmLink.exe V5.06 update 6 (build 750)
Library Manager: ArmAr.exe V5.06 update 6 (build 750)
Hex Converter:   FromElf.exe V5.06 update 6 (build 750)
CPU DLL:         
Dialog DLL:      DCM.DLL V1.17.2.0
Target DLL:      STLink\ST-LINKIII-KEIL_SWO.dll V3.0.6.0
Dialog DLL:      TCM.DLL V1.36.1.0
 
<h2>Project:</h2>
E:\Program Files\Embedded-workspace\embedded-term-project\embedded-term-project.uvprojx
Project File Date:  06/06/2024

<h2>Output:</h2>
*** Using Compiler 'V5.06 update 6 (build 750)', folder: 'C:\Keil_v5\ARM\ARMCC\Bin'
Rebuild target 'STM32F401 Flash'
compiling doorlock_control.cpp...
doorlock_control.h(10): warning:  #1-D: last line of file ends without a newline
  #endif
motordriver.h(27): warning:  #1-D: last line of file ends without a newline
  #endif
doorlock_control.cpp(44): warning:  #1-D: last line of file ends without a newline
  };
doorlock_control.cpp: 3 warnings, 0 errors
compiling motordriver.cpp...
motordriver.h(27): warning:  #1-D: last line of file ends without a newline
  #endif
motordriver.cpp(46): warning:  #1-D: last line of file ends without a newline
  }
motordriver.cpp: 2 warnings, 0 errors
compiling light_control.cpp...
light_control.h(8): warning:  #1-D: last line of file ends without a newline
  #endif
light_control.cpp(31): warning:  #1-D: last line of file ends without a newline
  }
light_control.cpp: 2 warnings, 0 errors
compiling buzzer_control.cpp...
compiling Adafruit_GFX.cpp...
Adafruit_GFX\Adafruit_GFX_Config.h(14): warning:  #1-D: last line of file ends without a newline
  #endif
Adafruit_GFX\Adafruit_GFX.cpp: 1 warning, 0 errors
compiling bluetooth.cpp...
bluetooth.h(6): warning:  #1-D: last line of file ends without a newline
  #endif
bluetooth.cpp(117): warning:  #1-D: last line of file ends without a newline
  }
bluetooth.cpp(15): warning:  #177-D: variable "inputData"  was declared but never referenced
  static int inputData[4];
bluetooth.cpp: 3 warnings, 0 errors
compiling button_input.cpp...
button_input.h(12): warning:  #1-D: last line of file ends without a newline
  #endif
button_input.cpp(45): warning:  #1-D: last line of file ends without a newline
  };
button_input.cpp: 2 warnings, 0 errors
compiling normal_mode.cpp...
normal_mode.h(8): warning:  #1-D: last line of file ends without a newline
  #endif
Adafruit_GFX\Adafruit_GFX_Config.h(14): warning:  #1-D: last line of file ends without a newline
  #endif
Adafruit_GFX\Adafruit_SSD1306.h(220): warning:  #1-D: last line of file ends without a newline
  #endif
normal_mode.cpp(65): warning:  #1-D: last line of file ends without a newline
  };
normal_mode.cpp: 4 warnings, 0 errors
compiling wifi.cpp...
wifi.h(7): warning:  #1-D: last line of file ends without a newline
  #endif
ESP\ESP8266.h(48): warning:  #1-D: last line of file ends without a newline
  #endif
wifi.cpp(115): warning:  #1-D: last line of file ends without a newline
  }
wifi.cpp: 3 warnings, 0 errors
compiling password_mode.cpp...
password_mode.h(9): warning:  #1-D: last line of file ends without a newline
  #endif
Adafruit_GFX\Adafruit_GFX_Config.h(14): warning:  #1-D: last line of file ends without a newline
  #endif
Adafruit_GFX\Adafruit_SSD1306.h(220): warning:  #1-D: last line of file ends without a newline
  #endif
password_mode.cpp: 3 warnings, 0 errors
compiling main.cpp...
light_control.h(8): warning:  #1-D: last line of file ends without a newline
  #endif
button_input.h(12): warning:  #1-D: last line of file ends without a newline
  #endif
Adafruit_GFX\Adafruit_GFX_Config.h(14): warning:  #1-D: last line of file ends without a newline
  #endif
Adafruit_GFX\Adafruit_SSD1306.h(220): warning:  #1-D: last line of file ends without a newline
  #endif
doorlock_control.h(10): warning:  #1-D: last line of file ends without a newline
  #endif
normal_mode.h(8): warning:  #1-D: last line of file ends without a newline
  #endif
password_mode.h(9): warning:  #1-D: last line of file ends without a newline
  #endif
bluetooth.h(6): warning:  #1-D: last line of file ends without a newline
  #endif
wifi.h(7): warning:  #1-D: last line of file ends without a newline
  #endif
main.cpp(156): warning:  #1-D: last line of file ends without a newline
  }
main.cpp: 10 warnings, 0 errors
compiling DHT.cpp...
DHT\DHT.cpp(149): warning:  #1035-D: single-precision operand implicitly converted to double-precision
              f = float(v)/10.0;
DHT\DHT.cpp(195): warning:  #1035-D: single-precision operand implicitly converted to double-precision
              f = (float)v/10.0;
DHT\DHT.cpp: 2 warnings, 0 errors
compiling ESP8266.cpp...
ESP\ESP8266.h(48): warning:  #1-D: last line of file ends without a newline
  #endif
ESP\ESP8266.cpp(214): warning:  #1-D: last line of file ends without a newline
  }
ESP\ESP8266.cpp: 2 warnings, 0 errors
compiling Adafruit_SSD1306.cpp...
Adafruit_GFX\Adafruit_GFX_Config.h(14): warning:  #1-D: last line of file ends without a newline
  #endif
Adafruit_GFX\Adafruit_SSD1306.h(220): warning:  #1-D: last line of file ends without a newline
  #endif
Adafruit_GFX\Adafruit_SSD1306.cpp: 2 warnings, 0 errors
linking...
Program Size: Code=69096 RO-data=6240 RW-data=1836 ZI-data=5160  
After Build - User command #1: fromelf --bin -o Nucleo_out.bin .\BUILD\Nucleo_out.axf
".\BUILD\Nucleo_out.axf" - 0 Error(s), 39 Warning(s).

<h2>Software Packages used:</h2>

Package Vendor: Keil
                https://www.keil.com/pack/Keil.STM32F4xx_DFP.2.17.0.pack
                Keil.STM32F4xx_DFP.2.17.0
                STMicroelectronics STM32F4 Series Device Support, Drivers and Examples

<h2>Collection of Component include folders:</h2>
  .\RTE\_STM32F401_Flash
  C:\Users\hanto\AppData\Local\Arm\Packs\Keil\STM32F4xx_DFP\2.17.0\Drivers\CMSIS\Device\ST\STM32F4xx\Include

<h2>Collection of Component Files used:</h2>
Build Time Elapsed:  00:00:07
</pre>
</body>
</html>
